[INFO] Scanning for projects...
[INFO] 
[INFO] --------------------------< com.finance:app >---------------------------
[INFO] Building MyPersonalFinanceApp 0.0.1-SNAPSHOT
[INFO]   from pom.xml
[INFO] --------------------------------[ jar ]---------------------------------
[INFO] 
[INFO] --- jacoco:0.8.11:prepare-agent (default) @ app ---
[INFO] argLine set to -javaagent:C:\\Users\\mysel\\.m2\\repository\\org\\jacoco\\org.jacoco.agent\\0.8.11\\org.jacoco.agent-0.8.11-runtime.jar=destfile=C:\\MyProjects\\MyPersonalFinanceApp\\target\\jacoco.exec,excludes=**/seeders/**:**/Application.class
[INFO] 
[INFO] --- resources:3.3.1:resources (default-resources) @ app ---
[INFO] Copying 1 resource from src\main\resources to target\classes
[INFO] Copying 5 resources from src\main\resources to target\classes
[INFO] 
[INFO] --- compiler:3.11.0:compile (default-compile) @ app ---
[INFO] Nothing to compile - all classes are up to date
[INFO] 
[INFO] --- resources:3.3.1:testResources (default-testResources) @ app ---
[INFO] skip non existing resourceDirectory C:\MyProjects\MyPersonalFinanceApp\src\test\resources
[INFO] 
[INFO] --- compiler:3.11.0:testCompile (default-testCompile) @ app ---
[INFO] Nothing to compile - all classes are up to date
[INFO] 
[INFO] --- surefire:3.1.2:test (default-test) @ app ---
[INFO] Using auto detected provider org.apache.maven.surefire.junitplatform.JUnitPlatformProvider
[INFO] 
[INFO] -------------------------------------------------------
[INFO]  T E S T S
[INFO] -------------------------------------------------------
[INFO] Running com.finance.app.controllers.AnalyticsControllerTest
22:23:40.275 [main] INFO org.springframework.test.context.support.AnnotationConfigContextLoaderUtils -- Could not detect default configuration classes for test class [com.finance.app.controllers.AnalyticsControllerTest]: AnalyticsControllerTest does not declare any static, non-private, non-final, nested classes annotated with @Configuration.
22:23:40.621 [main] INFO org.springframework.boot.test.context.SpringBootTestContextBootstrapper -- Found @SpringBootConfiguration com.finance.app.Application for test class com.finance.app.controllers.AnalyticsControllerTest
22:23:39,967 |-INFO in ch.qos.logback.classic.LoggerContext[default] - This is logback-classic version 1.4.14
22:23:39,971 |-INFO in ch.qos.logback.classic.util.ContextInitializer@6dc9a56e - Here is a list of configurators discovered as a service, by rank: 
22:23:39,971 |-INFO in ch.qos.logback.classic.util.ContextInitializer@6dc9a56e -   org.springframework.boot.logging.logback.RootLogLevelConfigurator
22:23:39,971 |-INFO in ch.qos.logback.classic.util.ContextInitializer@6dc9a56e - They will be invoked in order until ExecutionStatus.DO_NOT_INVOKE_NEXT_IF_ANY is returned.
22:23:39,971 |-INFO in ch.qos.logback.classic.util.ContextInitializer@6dc9a56e - Constructed configurator of type class org.springframework.boot.logging.logback.RootLogLevelConfigurator
22:23:39,986 |-INFO in ch.qos.logback.classic.util.ContextInitializer@6dc9a56e - org.springframework.boot.logging.logback.RootLogLevelConfigurator.configure() call lasted 1 milliseconds. ExecutionStatus=INVOKE_NEXT_IF_ANY
22:23:39,986 |-INFO in ch.qos.logback.classic.util.ContextInitializer@6dc9a56e - Trying to configure with ch.qos.logback.classic.joran.SerializedModelConfigurator
22:23:39,989 |-INFO in ch.qos.logback.classic.util.ContextInitializer@6dc9a56e - Constructed configurator of type class ch.qos.logback.classic.joran.SerializedModelConfigurator
22:23:39,991 |-INFO in ch.qos.logback.classic.LoggerContext[default] - Could NOT find resource [logback-test.scmo]
22:23:39,991 |-INFO in ch.qos.logback.classic.LoggerContext[default] - Could NOT find resource [logback.scmo]
22:23:39,991 |-INFO in ch.qos.logback.classic.util.ContextInitializer@6dc9a56e - ch.qos.logback.classic.joran.SerializedModelConfigurator.configure() call lasted 2 milliseconds. ExecutionStatus=INVOKE_NEXT_IF_ANY
22:23:39,991 |-INFO in ch.qos.logback.classic.util.ContextInitializer@6dc9a56e - Trying to configure with ch.qos.logback.classic.util.DefaultJoranConfigurator
22:23:39,992 |-INFO in ch.qos.logback.classic.util.ContextInitializer@6dc9a56e - Constructed configurator of type class ch.qos.logback.classic.util.DefaultJoranConfigurator
22:23:39,993 |-INFO in ch.qos.logback.classic.LoggerContext[default] - Could NOT find resource [logback-test.xml]
22:23:39,993 |-INFO in ch.qos.logback.classic.LoggerContext[default] - Could NOT find resource [logback.xml]
22:23:39,993 |-INFO in ch.qos.logback.classic.util.ContextInitializer@6dc9a56e - ch.qos.logback.classic.util.DefaultJoranConfigurator.configure() call lasted 1 milliseconds. ExecutionStatus=INVOKE_NEXT_IF_ANY
22:23:39,993 |-INFO in ch.qos.logback.classic.util.ContextInitializer@6dc9a56e - Trying to configure with ch.qos.logback.classic.BasicConfigurator
22:23:39,994 |-INFO in ch.qos.logback.classic.util.ContextInitializer@6dc9a56e - Constructed configurator of type class ch.qos.logback.classic.BasicConfigurator
22:23:39,994 |-INFO in ch.qos.logback.classic.BasicConfigurator@287ad0da - Setting up default configuration.
22:23:40,028 |-INFO in ch.qos.logback.classic.util.ContextInitializer@6dc9a56e - ch.qos.logback.classic.BasicConfigurator.configure() call lasted 34 milliseconds. ExecutionStatus=NEUTRAL
22:23:41,234 |-INFO in ch.qos.logback.core.joran.util.ConfigurationWatchListUtil@1b19712f - Adding [jar:file:/C:/Users/mysel/.m2/repository/org/springframework/boot/spring-boot/3.2.2/spring-boot-3.2.2.jar!/org/springframework/boot/logging/logback/defaults.xml] to configuration watch list.
22:23:41,234 |-INFO in ch.qos.logback.core.joran.spi.ConfigurationWatchList@714c74eb - URL [jar:file:/C:/Users/mysel/.m2/repository/org/springframework/boot/spring-boot/3.2.2/spring-boot-3.2.2.jar!/org/springframework/boot/logging/logback/defaults.xml] is not of type file
22:23:41,237 |-INFO in ch.qos.logback.core.joran.action.ConversionRuleAction - registering conversion word clr with class [org.springframework.boot.logging.logback.ColorConverter]
22:23:41,237 |-INFO in ch.qos.logback.core.joran.action.ConversionRuleAction - registering conversion word correlationId with class [org.springframework.boot.logging.logback.CorrelationIdConverter]
22:23:41,237 |-INFO in ch.qos.logback.core.joran.action.ConversionRuleAction - registering conversion word wex with class [org.springframework.boot.logging.logback.WhitespaceThrowableProxyConverter]
22:23:41,237 |-INFO in ch.qos.logback.core.joran.action.ConversionRuleAction - registering conversion word wEx with class [org.springframework.boot.logging.logback.ExtendedWhitespaceThrowableProxyConverter]
22:23:41,238 |-INFO in ch.qos.logback.core.joran.util.ConfigurationWatchListUtil@1b19712f - Adding [jar:file:/C:/Users/mysel/.m2/repository/org/springframework/boot/spring-boot/3.2.2/spring-boot-3.2.2.jar!/org/springframework/boot/logging/logback/console-appender.xml] to configuration watch list.
22:23:41,238 |-INFO in ch.qos.logback.core.joran.spi.ConfigurationWatchList@714c74eb - URL [jar:file:/C:/Users/mysel/.m2/repository/org/springframework/boot/spring-boot/3.2.2/spring-boot-3.2.2.jar!/org/springframework/boot/logging/logback/console-appender.xml] is not of type file
22:23:41,278 |-INFO in ch.qos.logback.classic.model.processor.LoggerModelHandler - Setting level of logger [org.apache.catalina.startup.DigesterFactory] to ERROR
22:23:41,278 |-INFO in ch.qos.logback.classic.jul.LevelChangePropagator@510e4d79 - Propagating ERROR level on Logger[org.apache.catalina.startup.DigesterFactory] onto the JUL framework
22:23:41,278 |-INFO in ch.qos.logback.classic.model.processor.LoggerModelHandler - Setting level of logger [org.apache.catalina.util.LifecycleBase] to ERROR
22:23:41,278 |-INFO in ch.qos.logback.classic.jul.LevelChangePropagator@510e4d79 - Propagating ERROR level on Logger[org.apache.catalina.util.LifecycleBase] onto the JUL framework
22:23:41,278 |-INFO in ch.qos.logback.classic.model.processor.LoggerModelHandler - Setting level of logger [org.apache.coyote.http11.Http11NioProtocol] to WARN
22:23:41,278 |-INFO in ch.qos.logback.classic.jul.LevelChangePropagator@510e4d79 - Propagating WARN level on Logger[org.apache.coyote.http11.Http11NioProtocol] onto the JUL framework
22:23:41,280 |-INFO in ch.qos.logback.classic.model.processor.LoggerModelHandler - Setting level of logger [org.apache.sshd.common.util.SecurityUtils] to WARN
22:23:41,280 |-INFO in ch.qos.logback.classic.jul.LevelChangePropagator@510e4d79 - Propagating WARN level on Logger[org.apache.sshd.common.util.SecurityUtils] onto the JUL framework
22:23:41,280 |-INFO in ch.qos.logback.classic.model.processor.LoggerModelHandler - Setting level of logger [org.apache.tomcat.util.net.NioSelectorPool] to WARN
22:23:41,280 |-INFO in ch.qos.logback.classic.jul.LevelChangePropagator@510e4d79 - Propagating WARN level on Logger[org.apache.tomcat.util.net.NioSelectorPool] onto the JUL framework
22:23:41,280 |-INFO in ch.qos.logback.classic.model.processor.LoggerModelHandler - Setting level of logger [org.eclipse.jetty.util.component.AbstractLifeCycle] to ERROR
22:23:41,280 |-INFO in ch.qos.logback.classic.jul.LevelChangePropagator@510e4d79 - Propagating ERROR level on Logger[org.eclipse.jetty.util.component.AbstractLifeCycle] onto the JUL framework
22:23:41,280 |-INFO in ch.qos.logback.classic.model.processor.LoggerModelHandler - Setting level of logger [org.hibernate.validator.internal.util.Version] to WARN
22:23:41,280 |-INFO in ch.qos.logback.classic.jul.LevelChangePropagator@510e4d79 - Propagating WARN level on Logger[org.hibernate.validator.internal.util.Version] onto the JUL framework
22:23:41,280 |-INFO in ch.qos.logback.classic.model.processor.LoggerModelHandler - Setting level of logger [org.springframework.boot.actuate.endpoint.jmx] to WARN
22:23:41,280 |-INFO in ch.qos.logback.classic.jul.LevelChangePropagator@510e4d79 - Propagating WARN level on Logger[org.springframework.boot.actuate.endpoint.jmx] onto the JUL framework
22:23:41,280 |-WARN in ch.qos.logback.core.model.processor.AppenderModelHandler - Appender named [CONSOLE] not referenced. Skipping further processing.
22:23:41,280 |-INFO in ch.qos.logback.core.model.processor.AppenderModelHandler - Processing appender named [JSON_CONSOLE]
22:23:41,280 |-INFO in ch.qos.logback.core.model.processor.AppenderModelHandler - About to instantiate appender of type [ch.qos.logback.core.ConsoleAppender]
22:23:41,310 |-WARN in ch.qos.logback.core.model.processor.ImplicitModelHandler - Ignoring unknown property [formattedMessage] in [net.logstash.logback.encoder.LogstashEncoder]
22:23:41,584 |-INFO in ch.qos.logback.classic.model.processor.RootLoggerModelHandler - Setting level of ROOT logger to INFO
22:23:41,584 |-INFO in ch.qos.logback.classic.jul.LevelChangePropagator@510e4d79 - Propagating INFO level on Logger[ROOT] onto the JUL framework
22:23:41,584 |-INFO in ch.qos.logback.core.model.processor.AppenderRefModelHandler - Attaching appender named [JSON_CONSOLE] to Logger[ROOT]
22:23:41,584 |-INFO in ch.qos.logback.core.model.processor.DefaultProcessor@2f0cab82 - End of configuration.
22:23:41,584 |-INFO in org.springframework.boot.logging.logback.SpringBootJoranConfigurator@7fcc3745 - Registering current configuration as safe fallback point


  .   ____          _            __ _ _
 /\\ / ___'_ __ _ _(_)_ __  __ _ \ \ \ \
( ( )\___ | '_ | '_| | '_ \/ _` | \ \ \ \
 \\/  ___)| |_)| | | | | || (_| |  ) ) ) )
  '  |____| .__|_| |_|_| |_\__, | / / / /
 =========|_|==============|___/=/_/_/_/
 :: Spring Boot ::                (v3.2.2)

{"@timestamp":"2026-02-08T22:23:41.7236623+11:00","@version":"1","message":"Starting AnalyticsControllerTest using Java 21.0.9 with PID 13216 (started by mysel in C:\\MyProjects\\MyPersonalFinanceApp)","logger_name":"com.finance.app.controllers.AnalyticsControllerTest","thread_name":"main","level":"INFO","level_value":20000}
{"@timestamp":"2026-02-08T22:23:41.7333585+11:00","@version":"1","message":"No active profile set, falling back to 1 default profile: \"default\"","logger_name":"com.finance.app.controllers.AnalyticsControllerTest","thread_name":"main","level":"INFO","level_value":20000}
mvn : WARNING: A Java agent has been loaded 
dynamically (C:\Users\mysel\.m2\repository\net\b
ytebuddy\byte-buddy-agent\1.14.11\byte-buddy-age
nt-1.14.11.jar)
At line:1 char:1
+ mvn test "-Dtest=AuthServiceTest,AuthControlle
rTest,TransactionContro ...
+ ~~~~~~~~~~~~~~~~~~~~~~~~~~~~~~~~~~~~~~~~~~~~~~
~~~~~~~~~~~~~~~~~~~~~~~
    + CategoryInfo          : NotSpecified: (WA 
   RNING: A Java...nt-1.14.11.jar):String) [],  
   RemoteException
    + FullyQualifiedErrorId : NativeCommandErro 
   r
 
WARNING: If a serviceability tool is in use, 
please run with -XX:+EnableDynamicAgentLoading 
to hide this warning
WARNING: If a serviceability tool is not in 
use, please run with 
-Djdk.instrument.traceUsage for more information
WARNING: Dynamic loading of agents will be 
disallowed by default in a future release
OpenJDK 64-Bit Server VM warning: Sharing is 
only supported for boot loader classes because 
bootstrap classpath has been appended
{"@timestamp":"2026-02-08T22:23:45.1804928+11:00","@version":"1","message":"Will secure any request with [org.springframework.security.web.session.DisableEncodeUrlFilter@5b60accd, org.springframework.security.web.context.request.async.WebAsyncManagerIntegrationFilter@3b2b9b96, org.springframework.security.web.context.SecurityContextHolderFilter@17eb5858, org.springframework.security.web.header.HeaderWriterFilter@4bb13671, org.springframework.web.filter.CorsFilter@5078c8f6, org.springframework.security.web.csrf.CsrfFilter@1972346b, org.springframework.security.web.authentication.logout.LogoutFilter@77a38cec, org.springframework.security.web.authentication.UsernamePasswordAuthenticationFilter@61f26cba, org.springframework.security.web.authentication.ui.DefaultLoginPageGeneratingFilter@3e9afede, org.springframework.security.web.authentication.ui.DefaultLogoutPageGeneratingFilter@36d9efa6, org.springframework.security.web.authentication.www.BasicAuthenticationFilter@70921720, org.springframework.security.web.savedrequest.RequestCacheAwareFilter@3cc0efa2, org.springframework.security.web.servletapi.SecurityContextHolderAwareRequestFilter@52148669, org.springframework.security.web.authentication.AnonymousAuthenticationFilter@68812b74, org.springframework.security.web.access.ExceptionTranslationFilter@b068ddf, org.springframework.security.web.access.intercept.AuthorizationFilter@7ea7fed5]","logger_name":"org.springframework.security.web.DefaultSecurityFilterChain","thread_name":"main","level":"INFO","level_value":20000}
{"@timestamp":"2026-02-08T22:23:45.2656093+11:00","@version":"1","message":"Initializing Spring TestDispatcherServlet ''","logger_name":"org.springframework.boot.test.mock.web.SpringBootMockServletContext","thread_name":"main","level":"INFO","level_value":20000}
{"@timestamp":"2026-02-08T22:23:45.2666097+11:00","@version":"1","message":"Initializing Servlet ''","logger_name":"org.springframework.test.web.servlet.TestDispatcherServlet","thread_name":"main","level":"INFO","level_value":20000}
{"@timestamp":"2026-02-08T22:23:45.2676092+11:00","@version":"1","message":"Completed initialization in 1 ms","logger_name":"org.springframework.test.web.servlet.TestDispatcherServlet","thread_name":"main","level":"INFO","level_value":20000}
{"@timestamp":"2026-02-08T22:23:45.3208069+11:00","@version":"1","message":"Started AnalyticsControllerTest in 4.525 seconds (process running for 6.563)","logger_name":"com.finance.app.controllers.AnalyticsControllerTest","thread_name":"main","level":"INFO","level_value":20000}
{"@timestamp":"2026-02-08T22:23:46.0324265+11:00","@version":"1","message":"Resolved [org.springframework.web.method.annotation.MethodArgumentTypeMismatchException: Failed to convert value of type 'java.lang.String' to required type 'java.time.LocalDate'; Failed to convert from type [java.lang.String] to type [@io.swagger.v3.oas.annotations.Parameter @org.springframework.web.bind.annotation.RequestParam @org.springframework.format.annotation.DateTimeFormat java.time.LocalDate] for value [invalid-date]]","logger_name":"org.springframework.web.servlet.mvc.support.DefaultHandlerExceptionResolver","thread_name":"main","level":"WARN","level_value":30000}
[INFO] Tests run: 6, Failures: 0, Errors: 0, Skipped: 0, Time elapsed: 6.203 s -- in com.finance.app.controllers.AnalyticsControllerTest
[INFO] Running com.finance.app.controllers.AuthControllerTest
{"@timestamp":"2026-02-08T22:23:46.058527+11:00","@version":"1","message":"Could not detect default configuration classes for test class [com.finance.app.controllers.AuthControllerTest]: AuthControllerTest does not declare any static, non-private, non-final, nested classes annotated with @Configuration.","logger_name":"org.springframework.test.context.support.AnnotationConfigContextLoaderUtils","thread_name":"main","level":"INFO","level_value":20000}
{"@timestamp":"2026-02-08T22:23:46.0680823+11:00","@version":"1","message":"Found @SpringBootConfiguration com.finance.app.Application for test class com.finance.app.controllers.AuthControllerTest","logger_name":"org.springframework.boot.test.context.SpringBootTestContextBootstrapper","thread_name":"main","level":"INFO","level_value":20000}

  .   ____          _            __ _ _
 /\\ / ___'_ __ _ _(_)_ __  __ _ \ \ \ \
( ( )\___ | '_ | '_| | '_ \/ _` | \ \ \ \
 \\/  ___)| |_)| | | | | || (_| |  ) ) ) )
  '  |____| .__|_| |_|_| |_\__, | / / / /
 =========|_|==============|___/=/_/_/_/
 :: Spring Boot ::                (v3.2.2)

{"@timestamp":"2026-02-08T22:23:46.1173204+11:00","@version":"1","message":"Starting AuthControllerTest using Java 21.0.9 with PID 13216 (started by mysel in C:\\MyProjects\\MyPersonalFinanceApp)","logger_name":"com.finance.app.controllers.AuthControllerTest","thread_name":"main","level":"INFO","level_value":20000}
{"@timestamp":"2026-02-08T22:23:46.1183208+11:00","@version":"1","message":"No active profile set, falling back to 1 default profile: \"default\"","logger_name":"com.finance.app.controllers.AuthControllerTest","thread_name":"main","level":"INFO","level_value":20000}
{"@timestamp":"2026-02-08T22:23:46.4210743+11:00","@version":"1","message":"Will secure any request with [org.springframework.security.web.session.DisableEncodeUrlFilter@4a8afff2, org.springframework.security.web.context.request.async.WebAsyncManagerIntegrationFilter@1d4cf8ea, org.springframework.security.web.context.SecurityContextHolderFilter@861bc5f, org.springframework.security.web.header.HeaderWriterFilter@2b4bcd6e, org.springframework.web.filter.CorsFilter@4f8d98d4, org.springframework.security.web.csrf.CsrfFilter@4785f176, org.springframework.security.web.authentication.logout.LogoutFilter@77d50cde, org.springframework.security.web.authentication.UsernamePasswordAuthenticationFilter@705448e7, org.springframework.security.web.authentication.ui.DefaultLoginPageGeneratingFilter@2d980dc3, org.springframework.security.web.authentication.ui.DefaultLogoutPageGeneratingFilter@2094869b, org.springframework.security.web.authentication.www.BasicAuthenticationFilter@2f3809cf, org.springframework.security.web.savedrequest.RequestCacheAwareFilter@6087f264, org.springframework.security.web.servletapi.SecurityContextHolderAwareRequestFilter@584d9b19, org.springframework.security.web.authentication.AnonymousAuthenticationFilter@3dfc8814, org.springframework.security.web.access.ExceptionTranslationFilter@72c9576a, org.springframework.security.web.access.intercept.AuthorizationFilter@2eef2fd6]","logger_name":"org.springframework.security.web.DefaultSecurityFilterChain","thread_name":"main","level":"INFO","level_value":20000}
{"@timestamp":"2026-02-08T22:23:46.4287158+11:00","@version":"1","message":"Initializing Spring TestDispatcherServlet ''","logger_name":"org.springframework.boot.test.mock.web.SpringBootMockServletContext","thread_name":"main","level":"INFO","level_value":20000}
{"@timestamp":"2026-02-08T22:23:46.4287158+11:00","@version":"1","message":"Initializing Servlet ''","logger_name":"org.springframework.test.web.servlet.TestDispatcherServlet","thread_name":"main","level":"INFO","level_value":20000}
{"@timestamp":"2026-02-08T22:23:46.4287158+11:00","@version":"1","message":"Completed initialization in 0 ms","logger_name":"org.springframework.test.web.servlet.TestDispatcherServlet","thread_name":"main","level":"INFO","level_value":20000}
{"@timestamp":"2026-02-08T22:23:46.4346965+11:00","@version":"1","message":"Started AuthControllerTest in 0.358 seconds (process running for 7.678)","logger_name":"com.finance.app.controllers.AuthControllerTest","thread_name":"main","level":"INFO","level_value":20000}
[INFO] Tests run: 2, Failures: 0, Errors: 0, Skipped: 0, Time elapsed: 0.483 s -- in com.finance.app.controllers.AuthControllerTest
[INFO] Running com.finance.app.controllers.TransactionControllerTest
{"@timestamp":"2026-02-08T22:23:46.5422462+11:00","@version":"1","message":"Could not detect default configuration classes for test class [com.finance.app.controllers.TransactionControllerTest]: TransactionControllerTest does not declare any static, non-private, non-final, nested classes annotated with @Configuration.","logger_name":"org.springframework.test.context.support.AnnotationConfigContextLoaderUtils","thread_name":"main","level":"INFO","level_value":20000}
{"@timestamp":"2026-02-08T22:23:46.5491441+11:00","@version":"1","message":"Found @SpringBootConfiguration com.finance.app.Application for test class com.finance.app.controllers.TransactionControllerTest","logger_name":"org.springframework.boot.test.context.SpringBootTestContextBootstrapper","thread_name":"main","level":"INFO","level_value":20000}
[INFO] Running com.finance.app.controllers.TransactionControllerTest$ResponseFormatTests
{"@timestamp":"2026-02-08T22:23:46.5557011+11:00","@version":"1","message":"Could not detect default configuration classes for test class [com.finance.app.controllers.TransactionControllerTest$ResponseFormatTests]: ResponseFormatTests does not declare any static, non-private, non-final, nested classes annotated with @Configuration.","logger_name":"org.springframework.test.context.support.AnnotationConfigContextLoaderUtils","thread_name":"main","level":"INFO","level_value":20000}
{"@timestamp":"2026-02-08T22:23:46.5618173+11:00","@version":"1","message":"Found @SpringBootConfiguration com.finance.app.Application for test class com.finance.app.controllers.TransactionControllerTest$ResponseFormatTests","logger_name":"org.springframework.boot.test.context.SpringBootTestContextBootstrapper","thread_name":"main","level":"INFO","level_value":20000}

  .   ____          _            __ _ _
 /\\ / ___'_ __ _ _(_)_ __  __ _ \ \ \ \
( ( )\___ | '_ | '_| | '_ \/ _` | \ \ \ \
 \\/  ___)| |_)| | | | | || (_| |  ) ) ) )
  '  |____| .__|_| |_|_| |_\__, | / / / /
 =========|_|==============|___/=/_/_/_/
 :: Spring Boot ::                (v3.2.2)

{"@timestamp":"2026-02-08T22:23:46.5925051+11:00","@version":"1","message":"Starting TransactionControllerTest using Java 21.0.9 with PID 13216 (started by mysel in C:\\MyProjects\\MyPersonalFinanceApp)","logger_name":"com.finance.app.controllers.TransactionControllerTest","thread_name":"main","level":"INFO","level_value":20000}
{"@timestamp":"2026-02-08T22:23:46.5925051+11:00","@version":"1","message":"No active profile set, falling back to 1 default profile: \"default\"","logger_name":"com.finance.app.controllers.TransactionControllerTest","thread_name":"main","level":"INFO","level_value":20000}
{"@timestamp":"2026-02-08T22:23:46.8452489+11:00","@version":"1","message":"Will secure any request with [org.springframework.security.web.session.DisableEncodeUrlFilter@4089505c, org.springframework.security.web.context.request.async.WebAsyncManagerIntegrationFilter@53fa89e6, org.springframework.security.web.context.SecurityContextHolderFilter@7be55279, org.springframework.security.web.header.HeaderWriterFilter@58e48d9, org.springframework.web.filter.CorsFilter@6670d46e, org.springframework.security.web.csrf.CsrfFilter@29296e7, org.springframework.security.web.authentication.logout.LogoutFilter@59bcab83, org.springframework.security.web.authentication.UsernamePasswordAuthenticationFilter@49bf800f, org.springframework.security.web.authentication.ui.DefaultLoginPageGeneratingFilter@53a41fbe, org.springframework.security.web.authentication.ui.DefaultLogoutPageGeneratingFilter@da87122, org.springframework.security.web.authentication.www.BasicAuthenticationFilter@7563ca08, org.springframework.security.web.savedrequest.RequestCacheAwareFilter@6dd6c64c, org.springframework.security.web.servletapi.SecurityContextHolderAwareRequestFilter@241b5364, org.springframework.security.web.authentication.AnonymousAuthenticationFilter@729cb7b, org.springframework.security.web.access.ExceptionTranslationFilter@6ae47c1e, org.springframework.security.web.access.intercept.AuthorizationFilter@54e8f10a]","logger_name":"org.springframework.security.web.DefaultSecurityFilterChain","thread_name":"main","level":"INFO","level_value":20000}
{"@timestamp":"2026-02-08T22:23:46.8503162+11:00","@version":"1","message":"Initializing Spring TestDispatcherServlet ''","logger_name":"org.springframework.boot.test.mock.web.SpringBootMockServletContext","thread_name":"main","level":"INFO","level_value":20000}
{"@timestamp":"2026-02-08T22:23:46.8503162+11:00","@version":"1","message":"Initializing Servlet ''","logger_name":"org.springframework.test.web.servlet.TestDispatcherServlet","thread_name":"main","level":"INFO","level_value":20000}
{"@timestamp":"2026-02-08T22:23:46.8503162+11:00","@version":"1","message":"Completed initialization in 0 ms","logger_name":"org.springframework.test.web.servlet.TestDispatcherServlet","thread_name":"main","level":"INFO","level_value":20000}
{"@timestamp":"2026-02-08T22:23:46.8580198+11:00","@version":"1","message":"Started TransactionControllerTest in 0.293 seconds (process running for 8.101)","logger_name":"com.finance.app.controllers.TransactionControllerTest","thread_name":"main","level":"INFO","level_value":20000}
{"@timestamp":"2026-02-08T22:23:46.8970263+11:00","@version":"1","message":"Fetching transactions: page=0, size=10, category=null","logger_name":"com.finance.app.controllers.TransactionController","thread_name":"main","level":"INFO","level_value":20000}
{"@timestamp":"2026-02-08T22:23:46.904813+11:00","@version":"1","message":"Returning 1 transactions out of 1 total","logger_name":"com.finance.app.controllers.TransactionController","thread_name":"main","level":"INFO","level_value":20000}
[INFO] Tests run: 1, Failures: 0, Errors: 0, Skipped: 0, Time elapsed: 0.389 s -- in com.finance.app.controllers.TransactionControllerTest$ResponseFormatTests
[INFO] Running com.finance.app.controllers.TransactionControllerTest$GetTransactionsTests
{"@timestamp":"2026-02-08T22:23:46.9441784+11:00","@version":"1","message":"Could not detect default configuration classes for test class [com.finance.app.controllers.TransactionControllerTest$GetTransactionsTests]: GetTransactionsTests does not declare any static, non-private, non-final, nested classes annotated with @Configuration.","logger_name":"org.springframework.test.context.support.AnnotationConfigContextLoaderUtils","thread_name":"main","level":"INFO","level_value":20000}
{"@timestamp":"2026-02-08T22:23:46.9522565+11:00","@version":"1","message":"Found @SpringBootConfiguration com.finance.app.Application for test class com.finance.app.controllers.TransactionControllerTest$GetTransactionsTests","logger_name":"org.springframework.boot.test.context.SpringBootTestContextBootstrapper","thread_name":"main","level":"INFO","level_value":20000}
{"@timestamp":"2026-02-08T22:23:46.9577364+11:00","@version":"1","message":"Fetching transactions: page=0, size=10, category=Dining","logger_name":"com.finance.app.controllers.TransactionController","thread_name":"main","level":"INFO","level_value":20000}
{"@timestamp":"2026-02-08T22:23:46.9577364+11:00","@version":"1","message":"Returning 1 transactions out of 1 total","logger_name":"com.finance.app.controllers.TransactionController","thread_name":"main","level":"INFO","level_value":20000}
{"@timestamp":"2026-02-08T22:23:46.9577364+11:00","@version":"1","message":"Fetching transactions: page=0, size=10, category=null","logger_name":"com.finance.app.controllers.TransactionController","thread_name":"main","level":"INFO","level_value":20000}
{"@timestamp":"2026-02-08T22:23:46.9577364+11:00","@version":"1","message":"Returning 0 transactions out of 0 total","logger_name":"com.finance.app.controllers.TransactionController","thread_name":"main","level":"INFO","level_value":20000}
{"@timestamp":"2026-02-08T22:23:46.9786956+11:00","@version":"1","message":"Fetching transactions: page=0, size=10, category=All","logger_name":"com.finance.app.controllers.TransactionController","thread_name":"main","level":"INFO","level_value":20000}
{"@timestamp":"2026-02-08T22:23:46.9786956+11:00","@version":"1","message":"Returning 0 transactions out of 0 total","logger_name":"com.finance.app.controllers.TransactionController","thread_name":"main","level":"INFO","level_value":20000}
{"@timestamp":"2026-02-08T22:23:46.9846181+11:00","@version":"1","message":"Fetching transactions: page=1, size=10, category=null","logger_name":"com.finance.app.controllers.TransactionController","thread_name":"main","level":"INFO","level_value":20000}
{"@timestamp":"2026-02-08T22:23:46.9846181+11:00","@version":"1","message":"Returning 1 transactions out of 25 total","logger_name":"com.finance.app.controllers.TransactionController","thread_name":"main","level":"INFO","level_value":20000}
{"@timestamp":"2026-02-08T22:23:46.9900462+11:00","@version":"1","message":"Fetching transactions: page=0, size=10, category=null","logger_name":"com.finance.app.controllers.TransactionController","thread_name":"main","level":"INFO","level_value":20000}
{"@timestamp":"2026-02-08T22:23:46.9900462+11:00","@version":"1","message":"Returning 1 transactions out of 1 total","logger_name":"com.finance.app.controllers.TransactionController","thread_name":"main","level":"INFO","level_value":20000}
[INFO] Tests run: 5, Failures: 0, Errors: 0, Skipped: 0, Time elapsed: 0.059 s -- in com.finance.app.controllers.TransactionControllerTest$GetTransactionsTests
[INFO] Tests run: 0, Failures: 0, Errors: 0, Skipped: 0, Time elapsed: 0.460 s -- in com.finance.app.controllers.TransactionControllerTest
[INFO] Running com.finance.app.services.AuthServiceTest
[INFO] Tests run: 4, Failures: 0, Errors: 0, Skipped: 0, Time elapsed: 0.290 s -- in com.finance.app.services.AuthServiceTest
[INFO] 
[INFO] Results:
[INFO] 
[INFO] Tests run: 18, Failures: 0, Errors: 0, Skipped: 0
[INFO] 
[INFO] 
[INFO] --- jacoco:0.8.11:report (report) @ app ---
[INFO] Loading execution data file C:\MyProjects\MyPersonalFinanceApp\target\jacoco.exec
[INFO] Analyzed bundle 'MyPersonalFinanceApp' with 12 classes
[INFO] ------------------------------------------------------------------------
[INFO] BUILD SUCCESS
[INFO] ------------------------------------------------------------------------
[INFO] Total time:  11.366 s
[INFO] Finished at: 2026-02-08T22:23:47+11:00
[INFO] ------------------------------------------------------------------------
